
=== æ¹å¤çå¼å§ 周一 1月 13 18:54:34 2025 ===

æå: CREATE TABLE Students (
    ID INTEGER PRIMARY KEY,
    Name TEXT NOT NULL,
    Age INTEGER,
    Gender TEXT,
    Department TEXT,
    EnrollmentDate TEXT
);
æå: CREATE TABLE Courses (
    CourseID INTEGER PRIMARY KEY,
    CourseName TEXT NOT NULL,
    Credits INTEGER,
    TeacherName TEXT
);
æå: CREATE TABLE StudentCourses (
    StudentID INTEGER,
    CourseID INTEGER,
    Grade FLOAT,
    FOREIGN KEY (StudentID) REFERENCES Students(ID),
    FOREIGN KEY (CourseID) REFERENCES Courses(CourseID)
);
æå: INSERT INTO Students (ID, Name, Age, Gender, Department, EnrollmentDate)
VALUES (1, '张三', 20, '男', '计算机系', '2022-09-01');
æå: INSERT INTO Students (ID, Name, Age, Gender, Department, EnrollmentDate)
VALUES (2, '李四', 19, '女', '数学系', '2022-09-01');
æå: INSERT INTO Students (ID, Name, Age, Gender, Department, EnrollmentDate)
VALUES (3, '王五', 21, '男', '物理系', '2021-09-01');
æå: INSERT INTO Courses (CourseID, CourseName, Credits, TeacherName)
VALUES (101, '数据库原理', 3, '陈教授');
æå: INSERT INTO Courses (CourseID, CourseName, Credits, TeacherName)
VALUES (102, '操作系统', 4, '李教授');
æå: INSERT INTO Courses (CourseID, CourseName, Credits, TeacherName)
VALUES (103, '计算机网络', 3, '王教授');
æå: INSERT INTO StudentCourses (StudentID, CourseID, Grade)
VALUES (1, 101, 85.5);
æå: INSERT INTO StudentCourses (StudentID, CourseID, Grade)
VALUES (1, 102, 92.0);
æå: INSERT INTO StudentCourses (StudentID, CourseID, Grade)
VALUES (2, 101, 88.5);
æå: INSERT INTO StudentCourses (StudentID, CourseID, Grade)
VALUES (3, 103, 90.0);
æå: SELECT * FROM Students;
æå: UPDATE Courses SET Credits = 4
WHERE CourseName = ''数据库原理'';
æå: DELETE FROM StudentCourses
WHERE Grade < 90;
æå: SELECT Department, COUNT(*) as StudentCount
FROM Students
GROUP BY Department;
æå: SELECT s.Name, AVG(sc.Grade) as AvgGrade
FROM Students s
JOIN StudentCourses sc ON s.ID = sc.StudentID
GROUP BY s.ID, s.Name
HAVING AVG(sc.Grade) > 85;
æå: SELECT s.Name, COUNT(sc.CourseID) as CourseCount
FROM Students s
JOIN StudentCourses sc ON s.ID = sc.StudentID
GROUP BY s.ID, s.Name
ORDER BY CourseCount DESC;
æå: DROP TABLE Courses;
æå: DROP TABLE Students;
æå: DROP TABLE StudentCourses;

=== æ¹å¤çç»æ 周一 1月 13 18:54:35 2025 ===

=== æ¹å¤çå¼å§ 周一 1月 13 19:06:09 2025 ===

æå: CREATE TABLE Students (
    ID INTEGER PRIMARY KEY,
    Name TEXT NOT NULL,
    Age INTEGER,
    Gender TEXT,
    Department TEXT,
    EnrollmentDate TEXT
);
æå: CREATE TABLE Courses (
    CourseID INTEGER PRIMARY KEY,
    CourseName TEXT NOT NULL,
    Credits INTEGER,
    TeacherName TEXT
);
æå: CREATE TABLE StudentCourses (
    StudentID INTEGER,
    CourseID INTEGER,
    Grade FLOAT,
    FOREIGN KEY (StudentID) REFERENCES Students(ID),
    FOREIGN KEY (CourseID) REFERENCES Courses(CourseID)
);
æå: INSERT INTO Students (ID, Name, Age, Gender, Department, EnrollmentDate)
VALUES (1, 张三, 20, 男, 计算机系, 2022-09-01);
æå: INSERT INTO Students (ID, Name, Age, Gender, Department, EnrollmentDate)
VALUES (2, 李四, 19, 女, 数学系, 2022-09-01);
æå: INSERT INTO Students (ID, Name, Age, Gender, Department, EnrollmentDate)
VALUES (3, 王五, 21, 男, 物理系, 2021-09-01);
æå: INSERT INTO Courses (CourseID, CourseName, Credits, TeacherName)
VALUES (101, 数据库原理, 3, 陈教授);
æå: INSERT INTO Courses (CourseID, CourseName, Credits, TeacherName)
VALUES (102, 操作系统, 4, 李教授);
æå: INSERT INTO Courses (CourseID, CourseName, Credits, TeacherName)
VALUES (103, 计算机网络, 3, 王教授);
æå: INSERT INTO StudentCourses (StudentID, CourseID, Grade)
VALUES (1, 101, 85.5);
æå: INSERT INTO StudentCourses (StudentID, CourseID, Grade)
VALUES (1, 102, 92.0);
æå: INSERT INTO StudentCourses (StudentID, CourseID, Grade)
VALUES (2, 101, 88.5);
æå: INSERT INTO StudentCourses (StudentID, CourseID, Grade)
VALUES (3, 103, 90.0);
æå: SELECT * FROM Students;
错误: 执行失败
SQL: UPDATE Courses SET Credits = 4
WHERE CourseName = ''数据库原理'';

æå: DELETE FROM StudentCourses
WHERE Grade < 90;
æå: SELECT Department, COUNT(*) as StudentCount
FROM Students
GROUP BY Department;
æå: SELECT s.Name, AVG(sc.Grade) as AvgGrade
FROM Students s
JOIN StudentCourses sc ON s.ID = sc.StudentID
GROUP BY s.ID, s.Name
HAVING AVG(sc.Grade) > 85;
æå: SELECT s.Name, COUNT(sc.CourseID) as CourseCount
FROM Students s
JOIN StudentCourses sc ON s.ID = sc.StudentID
GROUP BY s.ID, s.Name
ORDER BY CourseCount DESC;
æå: DROP TABLE Courses;
æå: DROP TABLE Students;
æå: DROP TABLE StudentCourses;

=== æ¹å¤çç»æ 周一 1月 13 19:06:09 2025 ===

=== æ¹å¤çå¼å§ 周一 1月 13 19:27:36 2025 ===

æå: CREATE TABLE Students (
    ID INTEGER PRIMARY KEY,
    Name TEXT NOT NULL,
    Age INTEGER,
    Gender TEXT,
    Department TEXT,
    EnrollmentDate TEXT
);
æå: CREATE TABLE Courses (
    CourseID INTEGER PRIMARY KEY,
    CourseName TEXT NOT NULL,
    Credits INTEGER,
    TeacherName TEXT
);
æå: CREATE TABLE StudentCourses (
    StudentID INTEGER,
    CourseID INTEGER,
    Grade FLOAT,
    FOREIGN KEY (StudentID) REFERENCES Students(ID),
    FOREIGN KEY (CourseID) REFERENCES Courses(CourseID)
);
æå: INSERT INTO Students (ID, Name, Age, Gender, Department, EnrollmentDate)
VALUES (1, 张三, 20, 男, 计算机系, 2022-09-01);
æå: INSERT INTO Students (ID, Name, Age, Gender, Department, EnrollmentDate)
VALUES (2, 李四, 19, 女, 数学系, 2022-09-01);
æå: INSERT INTO Students (ID, Name, Age, Gender, Department, EnrollmentDate)
VALUES (3, 王五, 21, 男, 物理系, 2021-09-01);
æå: INSERT INTO Courses (CourseID, CourseName, Credits, TeacherName)
VALUES (101, 数据库原理, 3, 陈教授);
æå: INSERT INTO Courses (CourseID, CourseName, Credits, TeacherName)
VALUES (102, 操作系统, 4, 李教授);
æå: INSERT INTO Courses (CourseID, CourseName, Credits, TeacherName)
VALUES (103, 计算机网络, 3, 王教授);
æå: INSERT INTO StudentCourses (StudentID, CourseID, Grade)
VALUES (1, 101, 85.5);
æå: INSERT INTO StudentCourses (StudentID, CourseID, Grade)
VALUES (1, 102, 92.0);
æå: INSERT INTO StudentCourses (StudentID, CourseID, Grade)
VALUES (2, 101, 88.5);
æå: INSERT INTO StudentCourses (StudentID, CourseID, Grade)
VALUES (3, 103, 90.0);
æå: SELECT * FROM Students;
错误: 执行失败
SQL: UPDATE Courses SET Credits = 4
WHERE CourseName = ''数据库原理'';

æå: DELETE FROM StudentCourses
WHERE Grade < 90;
æå: SELECT Department, COUNT(*) as StudentCount
FROM Students
GROUP BY Department;
æå: SELECT s.Name, AVG(sc.Grade) as AvgGrade
FROM Students s
JOIN StudentCourses sc ON s.ID = sc.StudentID
GROUP BY s.ID, s.Name
HAVING AVG(sc.Grade) > 85;
æå: SELECT s.Name, COUNT(sc.CourseID) as CourseCount
FROM Students s
JOIN StudentCourses sc ON s.ID = sc.StudentID
GROUP BY s.ID, s.Name
ORDER BY CourseCount DESC;
æå: DROP TABLE Courses;
æå: DROP TABLE Students;
æå: DROP TABLE StudentCourses;

=== æ¹å¤çç»æ 周一 1月 13 19:27:36 2025 ===

=== æ¹å¤çå¼å§ 周三 1月 15 11:05:48 2025 ===

æå: CREATE TABLE Students (
    ID INTEGER PRIMARY KEY,
    Name TEXT NOT NULL,
    Age INTEGER,
    Gender TEXT,
    Department TEXT,
    EnrollmentDate TEXT
);
æå: CREATE TABLE Courses (
    CourseID INTEGER PRIMARY KEY,
    CourseName TEXT NOT NULL,
    Credits INTEGER,
    TeacherName TEXT
);
æå: CREATE TABLE StudentCourses (
    StudentID INTEGER,
    CourseID INTEGER,
    Grade FLOAT,
    FOREIGN KEY (StudentID) REFERENCES Students(ID),
    FOREIGN KEY (CourseID) REFERENCES Courses(CourseID)
);
æå: INSERT INTO Students (ID, Name, Age, Gender, Department, EnrollmentDate)
VALUES (1, 张三, 20, 男, 计算机系, 2022-09-01);
æå: INSERT INTO Students (ID, Name, Age, Gender, Department, EnrollmentDate)
VALUES (2, 李四, 19, 女, 数学系, 2022-09-01);
æå: INSERT INTO Students (ID, Name, Age, Gender, Department, EnrollmentDate)
VALUES (3, 王五, 21, 男, 物理系, 2021-09-01);
æå: INSERT INTO Courses (CourseID, CourseName, Credits, TeacherName)
VALUES (101, 数据库原理, 3, 陈教授);
æå: INSERT INTO Courses (CourseID, CourseName, Credits, TeacherName)
VALUES (102, 操作系统, 4, 李教授);
æå: INSERT INTO Courses (CourseID, CourseName, Credits, TeacherName)
VALUES (103, 计算机网络, 3, 王教授);
æå: INSERT INTO StudentCourses (StudentID, CourseID, Grade)
VALUES (1, 101, 85.5);
æå: INSERT INTO StudentCourses (StudentID, CourseID, Grade)
VALUES (1, 102, 92.0);
æå: INSERT INTO StudentCourses (StudentID, CourseID, Grade)
VALUES (2, 101, 88.5);
æå: INSERT INTO StudentCourses (StudentID, CourseID, Grade)
VALUES (3, 103, 90.0);
æå: SELECT * FROM Students;
错误: 执行失败
SQL: UPDATE Courses SET Credits = 4
WHERE CourseName = ''数据库原理'';

æå: DELETE FROM StudentCourses
WHERE Grade < 90;
æå: SELECT Department, COUNT(*) as StudentCount
FROM Students
GROUP BY Department;
æå: SELECT s.Name, AVG(sc.Grade) as AvgGrade
FROM Students s
JOIN StudentCourses sc ON s.ID = sc.StudentID
GROUP BY s.ID, s.Name
HAVING AVG(sc.Grade) > 85;
æå: SELECT s.Name, COUNT(sc.CourseID) as CourseCount
FROM Students s
JOIN StudentCourses sc ON s.ID = sc.StudentID
GROUP BY s.ID, s.Name
ORDER BY CourseCount DESC;
æå: DROP TABLE Courses;
æå: DROP TABLE Students;
æå: DROP TABLE StudentCourses;

=== æ¹å¤çç»æ 周三 1月 15 11:05:48 2025 ===

=== æ¹å¤çå¼å§ 周三 1月 15 11:54:35 2025 ===

错误: 执行SQL失败: 创建表失败: 表已存在: Students
SQL: CREATE TABLE Students (
    ID INTEGER PRIMARY KEY,
    Name TEXT NOT NULL,
    Age INTEGER,
    Gender TEXT,
    Department TEXT,
    EnrollmentDate TEXT
);

错误: 执行SQL失败: 创建表失败: 表已存在: Courses
SQL: CREATE TABLE Courses (
    CourseID INTEGER PRIMARY KEY,
    CourseName TEXT NOT NULL,
    Credits INTEGER,
    TeacherName TEXT
);

错误: 执行SQL失败: 创建表失败: 表已存在: StudentCourses
SQL: CREATE TABLE StudentCourses (
    StudentID INTEGER,
    CourseID INTEGER,
    Grade FLOAT,
    FOREIGN KEY (StudentID) REFERENCES Students(ID),
    FOREIGN KEY (CourseID) REFERENCES Courses(CourseID)
);

æå: INSERT INTO Students (ID, Name, Age, Gender, Department, EnrollmentDate)
VALUES (1, 张三, 20, 男, 计算机系, 2022-09-01);
æå: INSERT INTO Students (ID, Name, Age, Gender, Department, EnrollmentDate)
VALUES (2, 李四, 19, 女, 数学系, 2022-09-01);
æå: INSERT INTO Students (ID, Name, Age, Gender, Department, EnrollmentDate)
VALUES (3, 王五, 21, 男, 物理系, 2021-09-01);
æå: INSERT INTO Courses (CourseID, CourseName, Credits, TeacherName)
VALUES (101, 数据库原理, 3, 陈教授);
æå: INSERT INTO Courses (CourseID, CourseName, Credits, TeacherName)
VALUES (102, 操作系统, 4, 李教授);
æå: INSERT INTO Courses (CourseID, CourseName, Credits, TeacherName)
VALUES (103, 计算机网络, 3, 王教授);
æå: INSERT INTO StudentCourses (StudentID, CourseID, Grade)
VALUES (1, 101, 85.5);
æå: INSERT INTO StudentCourses (StudentID, CourseID, Grade)
VALUES (1, 102, 92.0);
æå: INSERT INTO StudentCourses (StudentID, CourseID, Grade)
VALUES (2, 101, 88.5);
æå: INSERT INTO StudentCourses (StudentID, CourseID, Grade)
VALUES (3, 103, 90.0);
æå: SELECT * FROM Students;
错误: 执行失败
SQL: UPDATE Courses SET Credits = 4
WHERE CourseName = ''数据库原理'';

æå: DELETE FROM StudentCourses
WHERE Grade < 90;
æå: SELECT Department, COUNT(*) as StudentCount
FROM Students
GROUP BY Department;
æå: SELECT s.Name, AVG(sc.Grade) as AvgGrade
FROM Students s
JOIN StudentCourses sc ON s.ID = sc.StudentID
GROUP BY s.ID, s.Name
HAVING AVG(sc.Grade) > 85;
æå: SELECT s.Name, COUNT(sc.CourseID) as CourseCount
FROM Students s
JOIN StudentCourses sc ON s.ID = sc.StudentID
GROUP BY s.ID, s.Name
ORDER BY CourseCount DESC;

=== æ¹å¤çç»æ 周三 1月 15 11:54:35 2025 ===

=== æ¹å¤çå¼å§ 周三 1月 15 13:27:17 2025 ===

æå: CREATE TABLE Students (
    ID INTEGER PRIMARY KEY,
    Name TEXT NOT NULL,
    Age INTEGER,
    Gender TEXT,
    Department TEXT,
    EnrollmentDate TEXT
);
æå: CREATE TABLE Courses (
    CourseID INTEGER PRIMARY KEY,
    CourseName TEXT NOT NULL,
    Credits INTEGER,
    TeacherName TEXT
);
æå: CREATE TABLE StudentCourses (
    StudentID INTEGER,
    CourseID INTEGER,
    Grade FLOAT,
    FOREIGN KEY (StudentID) REFERENCES Students(ID),
    FOREIGN KEY (CourseID) REFERENCES Courses(CourseID)
);
æå: INSERT INTO Students (ID, Name, Age, Gender, Department, EnrollmentDate)
VALUES (1, 张三, 20, 男, 计算机系, 2022-09-01);
æå: INSERT INTO Students (ID, Name, Age, Gender, Department, EnrollmentDate)
VALUES (2, 李四, 19, 女, 数学系, 2022-09-01);
æå: INSERT INTO Students (ID, Name, Age, Gender, Department, EnrollmentDate)
VALUES (3, 王五, 21, 男, 物理系, 2021-09-01);
æå: INSERT INTO Courses (CourseID, CourseName, Credits, TeacherName)
VALUES (101, 数据库原理, 3, 陈教授);
æå: INSERT INTO Courses (CourseID, CourseName, Credits, TeacherName)
VALUES (102, 操作系统, 4, 李教授);
æå: INSERT INTO Courses (CourseID, CourseName, Credits, TeacherName)
VALUES (103, 计算机网络, 3, 王教授);
æå: INSERT INTO StudentCourses (StudentID, CourseID, Grade)
VALUES (1, 101, 85.5);
æå: INSERT INTO StudentCourses (StudentID, CourseID, Grade)
VALUES (1, 102, 92.0);
æå: INSERT INTO StudentCourses (StudentID, CourseID, Grade)
VALUES (2, 101, 88.5);
æå: INSERT INTO StudentCourses (StudentID, CourseID, Grade)
VALUES (3, 103, 90.0);
æå: SELECT * FROM Students;
æå: UPDATE Courses SET Credits = 4
WHERE CourseName = '数据库原理';
æå: DELETE FROM StudentCourses
WHERE Grade < 90;
æå: SELECT Department, COUNT(*) as StudentCount
FROM Students
GROUP BY Department;
æå: SELECT s.Name, AVG(sc.Grade) as AvgGrade
FROM Students s
JOIN StudentCourses sc ON s.ID = sc.StudentID
GROUP BY s.ID, s.Name
HAVING AVG(sc.Grade) > 85;
æå: SELECT s.Name, COUNT(sc.CourseID) as CourseCount
FROM Students s
JOIN StudentCourses sc ON s.ID = sc.StudentID
GROUP BY s.ID, s.Name
ORDER BY CourseCount DESC;

=== æ¹å¤çç»æ 周三 1月 15 13:27:17 2025 ===

=== æ¹å¤çå¼å§ 周三 1月 15 13:38:26 2025 ===

错误: 执行SQL失败: 创建表失败: 表已存在: Students
SQL: CREATE TABLE Students (
    ID INTEGER PRIMARY KEY,
    Name TEXT NOT NULL,
    Age INTEGER,
    Gender TEXT,
    Department TEXT,
    EnrollmentDate TEXT
);

错误: 执行SQL失败: 创建表失败: 表已存在: Courses
SQL: CREATE TABLE Courses (
    CourseID INTEGER PRIMARY KEY,
    CourseName TEXT NOT NULL,
    Credits INTEGER,
    TeacherName TEXT
);

错误: 执行SQL失败: 创建表失败: 表已存在: StudentCourses
SQL: CREATE TABLE StudentCourses (
    StudentID INTEGER,
    CourseID INTEGER,
    Grade FLOAT,
    FOREIGN KEY (StudentID) REFERENCES Students(ID),
    FOREIGN KEY (CourseID) REFERENCES Courses(CourseID)
);

æå: INSERT INTO Students (ID, Name, Age, Gender, Department, EnrollmentDate)
VALUES (1, 张三, 20, 男, 计算机系, 2022-09-01);
æå: INSERT INTO Students (ID, Name, Age, Gender, Department, EnrollmentDate)
VALUES (2, 李四, 19, 女, 数学系, 2022-09-01);
æå: INSERT INTO Students (ID, Name, Age, Gender, Department, EnrollmentDate)
VALUES (3, 王五, 21, 男, 物理系, 2021-09-01);
æå: INSERT INTO Courses (CourseID, CourseName, Credits, TeacherName)
VALUES (101, 数据库原理, 3, 陈教授);
æå: INSERT INTO Courses (CourseID, CourseName, Credits, TeacherName)
VALUES (102, 操作系统, 4, 李教授);
æå: INSERT INTO Courses (CourseID, CourseName, Credits, TeacherName)
VALUES (103, 计算机网络, 3, 王教授);
æå: INSERT INTO StudentCourses (StudentID, CourseID, Grade)
VALUES (1, 101, 85.5);
æå: INSERT INTO StudentCourses (StudentID, CourseID, Grade)
VALUES (1, 102, 92.0);
æå: INSERT INTO StudentCourses (StudentID, CourseID, Grade)
VALUES (2, 101, 88.5);
æå: INSERT INTO StudentCourses (StudentID, CourseID, Grade)
VALUES (3, 103, 90.0);
æå: SELECT * FROM Students;
æå: UPDATE Courses SET Credits = 4
WHERE CourseName = '数据库原理';
æå: DELETE FROM StudentCourses
WHERE Grade < 90;
æå: SELECT Department, COUNT(*) as StudentCount
FROM Students
GROUP BY Department;
æå: SELECT s.Name, AVG(sc.Grade) as AvgGrade
FROM Students s
JOIN StudentCourses sc ON s.ID = sc.StudentID
GROUP BY s.ID, s.Name
HAVING AVG(sc.Grade) > 85;
æå: SELECT s.Name, COUNT(sc.CourseID) as CourseCount
FROM Students s
JOIN StudentCourses sc ON s.ID = sc.StudentID
GROUP BY s.ID, s.Name
ORDER BY CourseCount DESC;

=== æ¹å¤çç»æ 周三 1月 15 13:38:26 2025 ===

=== æ¹å¤çå¼å§ 周三 1月 15 13:51:06 2025 ===

错误: 执行SQL失败: 创建表失败: 表已存在: Students
SQL: CREATE TABLE Students (
    ID INTEGER PRIMARY KEY,
    Name TEXT NOT NULL,
    Age INTEGER,
    Gender TEXT,
    Department TEXT,
    EnrollmentDate TEXT
);

错误: 执行SQL失败: 创建表失败: 表已存在: Courses
SQL: CREATE TABLE Courses (
    CourseID INTEGER PRIMARY KEY,
    CourseName TEXT NOT NULL,
    Credits INTEGER,
    TeacherName TEXT
);

错误: 执行SQL失败: 创建表失败: 表已存在: StudentCourses
SQL: CREATE TABLE StudentCourses (
    StudentID INTEGER,
    CourseID INTEGER,
    Grade FLOAT,
    FOREIGN KEY (StudentID) REFERENCES Students(ID),
    FOREIGN KEY (CourseID) REFERENCES Courses(CourseID)
);

æå: INSERT INTO Students (ID, Name, Age, Gender, Department, EnrollmentDate)
VALUES (1, 张三, 20, 男, 计算机系, 2022-09-01);
æå: INSERT INTO Students (ID, Name, Age, Gender, Department, EnrollmentDate)
VALUES (2, 李四, 19, 女, 数学系, 2022-09-01);
æå: INSERT INTO Students (ID, Name, Age, Gender, Department, EnrollmentDate)
VALUES (3, 王五, 21, 男, 物理系, 2021-09-01);
æå: INSERT INTO Courses (CourseID, CourseName, Credits, TeacherName)
VALUES (101, 数据库原理, 3, 陈教授);
æå: INSERT INTO Courses (CourseID, CourseName, Credits, TeacherName)
VALUES (102, 操作系统, 4, 李教授);
æå: INSERT INTO Courses (CourseID, CourseName, Credits, TeacherName)
VALUES (103, 计算机网络, 3, 王教授);
æå: INSERT INTO StudentCourses (StudentID, CourseID, Grade)
VALUES (1, 101, 85.5);
æå: INSERT INTO StudentCourses (StudentID, CourseID, Grade)
VALUES (1, 102, 92.0);
æå: INSERT INTO StudentCourses (StudentID, CourseID, Grade)
VALUES (2, 101, 88.5);
æå: INSERT INTO StudentCourses (StudentID, CourseID, Grade)
VALUES (3, 103, 90.0);
æå: SELECT * FROM Students;
æå: UPDATE Courses SET Credits = 4
WHERE CourseName = '数据库原理';
æå: DELETE FROM StudentCourses
WHERE Grade < 90;
æå: SELECT Department, COUNT(*) as StudentCount
FROM Students
GROUP BY Department;
æå: SELECT s.Name, AVG(sc.Grade) as AvgGrade
FROM Students s
JOIN StudentCourses sc ON s.ID = sc.StudentID
GROUP BY s.ID, s.Name
HAVING AVG(sc.Grade) > 85;
æå: SELECT s.Name, COUNT(sc.CourseID) as CourseCount
FROM Students s
JOIN StudentCourses sc ON s.ID = sc.StudentID
GROUP BY s.ID, s.Name
ORDER BY CourseCount DESC;

=== æ¹å¤çç»æ 周三 1月 15 13:51:07 2025 ===

=== æ¹å¤çå¼å§ 周三 1月 15 13:59:10 2025 ===

æå: CREATE TABLE Students (
    ID INTEGER PRIMARY KEY,
    Name TEXT NOT NULL,
    Age INTEGER,
    Gender TEXT,
    Department TEXT,
    EnrollmentDate TEXT
);
æå: CREATE TABLE Courses (
    CourseID INTEGER PRIMARY KEY,
    CourseName TEXT NOT NULL,
    Credits INTEGER,
    TeacherName TEXT
);
æå: CREATE TABLE StudentCourses (
    StudentID INTEGER,
    CourseID INTEGER,
    Grade FLOAT,
    FOREIGN KEY (StudentID) REFERENCES Students(ID),
    FOREIGN KEY (CourseID) REFERENCES Courses(CourseID)
);
æå: INSERT INTO Students (ID, Name, Age, Gender, Department, EnrollmentDate)
VALUES (1, 张三, 20, 男, 计算机系, 2022-09-01);
æå: INSERT INTO Students (ID, Name, Age, Gender, Department, EnrollmentDate)
VALUES (2, 李四, 19, 女, 数学系, 2022-09-01);
æå: INSERT INTO Students (ID, Name, Age, Gender, Department, EnrollmentDate)
VALUES (3, 王五, 21, 男, 物理系, 2021-09-01);
æå: INSERT INTO Courses (CourseID, CourseName, Credits, TeacherName)
VALUES (101, 数据库原理, 3, 陈教授);
æå: INSERT INTO Courses (CourseID, CourseName, Credits, TeacherName)
VALUES (102, 操作系统, 4, 李教授);
æå: INSERT INTO Courses (CourseID, CourseName, Credits, TeacherName)
VALUES (103, 计算机网络, 3, 王教授);
æå: INSERT INTO StudentCourses (StudentID, CourseID, Grade)
VALUES (1, 101, 85.5);
æå: INSERT INTO StudentCourses (StudentID, CourseID, Grade)
VALUES (1, 102, 92.0);
æå: INSERT INTO StudentCourses (StudentID, CourseID, Grade)
VALUES (2, 101, 88.5);
æå: INSERT INTO StudentCourses (StudentID, CourseID, Grade)
VALUES (3, 103, 90.0);
æå: SELECT * FROM Students;
æå: UPDATE Courses SET Credits = 4
WHERE CourseName = '数据库原理';
æå: DELETE FROM StudentCourses
WHERE Grade < 90;
æå: SELECT Department, COUNT(*) as StudentCount
FROM Students
GROUP BY Department;
æå: SELECT s.Name, AVG(sc.Grade) as AvgGrade
FROM Students s
JOIN StudentCourses sc ON s.ID = sc.StudentID
GROUP BY s.ID, s.Name
HAVING AVG(sc.Grade) > 85;
æå: SELECT s.Name, COUNT(sc.CourseID) as CourseCount
FROM Students s
JOIN StudentCourses sc ON s.ID = sc.StudentID
GROUP BY s.ID, s.Name
ORDER BY CourseCount DESC;

=== æ¹å¤çç»æ 周三 1月 15 13:59:10 2025 ===

=== æ¹å¤çå¼å§ 周三 1月 15 14:26:32 2025 ===

æå: CREATE TABLE Students (
    ID INTEGER PRIMARY KEY,
    Name TEXT NOT NULL,
    Age INTEGER,
    Gender TEXT,
    Department TEXT,
    EnrollmentDate TEXT
);
æå: CREATE TABLE Courses (
    CourseID INTEGER PRIMARY KEY,
    CourseName TEXT NOT NULL,
    Credits INTEGER,
    TeacherName TEXT
);
æå: CREATE TABLE StudentCourses (
    StudentID INTEGER,
    CourseID INTEGER,
    Grade FLOAT,
    FOREIGN KEY (StudentID) REFERENCES Students(ID),
    FOREIGN KEY (CourseID) REFERENCES Courses(CourseID)
);
æå: INSERT INTO Students (ID, Name, Age, Gender, Department, EnrollmentDate)
VALUES (1, 张三, 20, 男, 计算机系, 2022-09-01);
æå: INSERT INTO Students (ID, Name, Age, Gender, Department, EnrollmentDate)
VALUES (2, 李四, 19, 女, 数学系, 2022-09-01);
æå: INSERT INTO Students (ID, Name, Age, Gender, Department, EnrollmentDate)
VALUES (3, 王五, 21, 男, 物理系, 2021-09-01);
æå: INSERT INTO Courses (CourseID, CourseName, Credits, TeacherName)
VALUES (101, 数据库原理, 3, 陈教授);
æå: INSERT INTO Courses (CourseID, CourseName, Credits, TeacherName)
VALUES (102, 操作系统, 4, 李教授);
æå: INSERT INTO Courses (CourseID, CourseName, Credits, TeacherName)
VALUES (103, 计算机网络, 3, 王教授);
æå: INSERT INTO StudentCourses (StudentID, CourseID, Grade)
VALUES (1, 101, 85.5);
æå: INSERT INTO StudentCourses (StudentID, CourseID, Grade)
VALUES (1, 102, 92.0);
æå: INSERT INTO StudentCourses (StudentID, CourseID, Grade)
VALUES (2, 101, 88.5);
æå: INSERT INTO StudentCourses (StudentID, CourseID, Grade)
VALUES (3, 103, 90.0);
æå: SELECT * FROM Students;
æå: UPDATE Courses SET Credits = 4
WHERE CourseName = '数据库原理';
æå: DELETE FROM StudentCourses
WHERE Grade < 90;
æå: SELECT Department, COUNT(*) as StudentCount
FROM Students
GROUP BY Department;
æå: SELECT s.Name, AVG(sc.Grade) as AvgGrade
FROM Students s
JOIN StudentCourses sc ON s.ID = sc.StudentID
GROUP BY s.ID, s.Name
HAVING AVG(sc.Grade) > 85;
æå: SELECT s.Name, COUNT(sc.CourseID) as CourseCount
FROM Students s
JOIN StudentCourses sc ON s.ID = sc.StudentID
GROUP BY s.ID, s.Name
ORDER BY CourseCount DESC;

=== æ¹å¤çç»æ 周三 1月 15 14:26:33 2025 ===
